// Jest Snapshot v1, https://goo.gl/fbAQLP

exports[`TheHeader.vue renders a snapshot: default 1`] = `

<header class="Header u-flex u-flex-items-center"
        style="height: 370px;"
>
  <div class="Header__item Logo o-wrapper u-text-branding-primary">
    <div class="Tagline">
      A curated list of (obviously) cool resources and tools for developers, UX researchers, designers and project managers.
    </div>
  </div>
  <svg height="370"
       xmlns="http://www.w3.org/2000/svg"
       width="100%"
       class="Header__triangles"
  >
    <path d="M1046,73L1034,154L1103,145Z"
          fill="#8ed668"
          stroke="#8ed668"
          stroke-width="1.51"
    >
    </path>
    <path d="M1103,145L1129,58L1046,73Z"
          fill="#8dd766"
          stroke="#8dd766"
          stroke-width="1.51"
    >
    </path>
    <path d="M1034,154L1118,238L1103,145Z"
          fill="#89d073"
          stroke="#89d073"
          stroke-width="1.51"
    >
    </path>
    <path d="M1103,145L1225,138L1129,58Z"
          fill="#8dd56a"
          stroke="#8dd56a"
          stroke-width="1.51"
    >
    </path>
    <path d="M1034,154L1005,241L1118,238Z"
          fill="#88cd77"
          stroke="#88cd77"
          stroke-width="1.51"
    >
    </path>
    <path d="M888,144L1005,241L1034,154Z"
          fill="#8bd36e"
          stroke="#8bd36e"
          stroke-width="1.51"
    >
    </path>
    <path d="M1180,237L1225,138L1103,145Z"
          fill="#88ce75"
          stroke="#88ce75"
          stroke-width="1.51"
    >
    </path>
    <path d="M1096,-57L1009,-41L1046,73Z"
          fill="#75cc6d"
          stroke="#75cc6d"
          stroke-width="1.51"
    >
    </path>
    <path d="M1225,138L1196,19L1129,58Z"
          fill="#87d36c"
          stroke="#87d36c"
          stroke-width="1.51"
    >
    </path>
    <path d="M1118,238L1180,237L1103,145Z"
          fill="#86cc79"
          stroke="#86cc79"
          stroke-width="1.51"
    >
    </path>
    <path d="M1086,327L1180,237L1118,238Z"
          fill="#7dc67f"
          stroke="#7dc67f"
          stroke-width="1.51"
    >
    </path>
    <path d="M1046,73L888,144L1034,154Z"
          fill="#8fd864"
          stroke="#8fd864"
          stroke-width="1.51"
    >
    </path>
    <path d="M1096,-57L1046,73L1129,58Z"
          fill="#7dd06c"
          stroke="#7dd06c"
          stroke-width="1.51"
    >
    </path>
    <path d="M1196,19L1096,-57L1129,58Z"
          fill="#77cc70"
          stroke="#77cc70"
          stroke-width="1.51"
    >
    </path>
    <path d="M875,33L888,144L1046,73Z"
          fill="#8cd961"
          stroke="#8cd961"
          stroke-width="1.51"
    >
    </path>
    <path d="M1005,241L1021,297L1118,238Z"
          fill="#81c87c"
          stroke="#81c87c"
          stroke-width="1.51"
    >
    </path>
    <path d="M949,277L1021,297L1005,241Z"
          fill="#80c979"
          stroke="#80c979"
          stroke-width="1.51"
    >
    </path>
    <path d="M1196,19L1208,-3L1096,-57Z"
          fill="#71c972"
          stroke="#71c972"
          stroke-width="1.51"
    >
    </path>
    <path d="M1291,81L1208,-3L1196,19Z"
          fill="#7ccc71"
          stroke="#7ccc71"
          stroke-width="1.51"
    >
    </path>
    <path d="M888,144L949,277L1005,241Z"
          fill="#88ce75"
          stroke="#88ce75"
          stroke-width="1.51"
    >
    </path>
    <path d="M1009,-41L875,33L1046,73Z"
          fill="#7ed267"
          stroke="#7ed267"
          stroke-width="1.51"
    >
    </path>
    <path d="M1021,297L1086,327L1118,238Z"
          fill="#7ac57c"
          stroke="#7ac57c"
          stroke-width="1.51"
    >
    </path>
    <path d="M923,371L1086,327L1021,297Z"
          fill="#70c379"
          stroke="#70c379"
          stroke-width="1.51"
    >
    </path>
    <path d="M1009,-41L874,-9L875,33Z"
          fill="#75cd6a"
          stroke="#75cd6a"
          stroke-width="1.51"
    >
    </path>
    <path d="M1009,-41L1000,-102L874,-9Z"
          fill="#6ecc6c"
          stroke="#6ecc6c"
          stroke-width="1.51"
    >
    </path>
    <path d="M1096,-57L1000,-102L1009,-41Z"
          fill="#6dce6c"
          stroke="#6dce6c"
          stroke-width="1.51"
    >
    </path>
    <path d="M1225,138L1291,81L1196,19Z"
          fill="#87d26d"
          stroke="#87d26d"
          stroke-width="1.51"
    >
    </path>
    <path d="M1334,114L1291,81L1225,138Z"
          fill="#8bd26f"
          stroke="#8bd26f"
          stroke-width="1.51"
    >
    </path>
    <path d="M888,144L837,213L949,277Z"
          fill="#85ce74"
          stroke="#85ce74"
          stroke-width="1.51"
    >
    </path>
    <path d="M803,103L837,213L888,144Z"
          fill="#87d36b"
          stroke="#87d36b"
          stroke-width="1.51"
    >
    </path>
    <path d="M820,54L888,144L875,33Z"
          fill="#86d663"
          stroke="#86d663"
          stroke-width="1.51"
    >
    </path>
    <path d="M874,-9L820,54L875,33Z"
          fill="#79d068"
          stroke="#79d068"
          stroke-width="1.51"
    >
    </path>
    <path d="M820,54L803,103L888,144Z"
          fill="#8ad861"
          stroke="#8ad861"
          stroke-width="1.51"
    >
    </path>
    <path d="M1284,-69L1211,-117L1208,-3Z"
          fill="#68c876"
          stroke="#68c876"
          stroke-width="1.51"
    >
    </path>
    <path d="M1326,248L1334,114L1225,138Z"
          fill="#86cb79"
          stroke="#86cb79"
          stroke-width="1.51"
    >
    </path>
    <path d="M1326,248L1225,138L1180,237Z"
          fill="#84c97e"
          stroke="#84c97e"
          stroke-width="1.51"
    >
    </path>
    <path d="M1086,327L1193,359L1180,237Z"
          fill="#73c17f"
          stroke="#73c17f"
          stroke-width="1.51"
    >
    </path>
    <path d="M1208,-3L1211,-117L1096,-57Z"
          fill="#6ac874"
          stroke="#6ac874"
          stroke-width="1.51"
    >
    </path>
    <path d="M1096,-57L1143,-185L1000,-102Z"
          fill="#6ed868"
          stroke="#6ed868"
          stroke-width="1.51"
    >
    </path>
    <path d="M1284,-69L1208,-3L1291,81Z"
          fill="#73c874"
          stroke="#73c874"
          stroke-width="1.51"
    >
    </path>
    <path d="M1354,94L1284,-69L1291,81Z"
          fill="#7bcb74"
          stroke="#7bcb74"
          stroke-width="1.51"
    >
    </path>
    <path d="M949,277L923,371L1021,297Z"
          fill="#76c677"
          stroke="#76c677"
          stroke-width="1.51"
    >
    </path>
    <path d="M1086,327L923,371L1193,359Z"
          fill="#69bf7a"
          stroke="#69bf7a"
          stroke-width="1.51"
    >
    </path>
    <path d="M817,311L923,371L949,277Z"
          fill="#70c378"
          stroke="#70c378"
          stroke-width="1.51"
    >
    </path>
    <path d="M1334,114L1354,94L1291,81Z"
          fill="#8ad170"
          stroke="#8ad170"
          stroke-width="1.51"
    >
    </path>
    <path d="M1400,125L1354,94L1334,114Z"
          fill="#8ad073"
          stroke="#8ad073"
          stroke-width="1.51"
    >
    </path>
    <path d="M1285,370L1326,248L1180,237Z"
          fill="#76c083"
          stroke="#76c083"
          stroke-width="1.51"
    >
    </path>
    <path d="M874,-9L814,-63L820,54Z"
          fill="#6fcb6b"
          stroke="#6fcb6b"
          stroke-width="1.51"
    >
    </path>
    <path d="M820,54L722,27L803,103Z"
          fill="#7dd267"
          stroke="#7dd267"
          stroke-width="1.51"
    >
    </path>
    <path d="M921,-180L814,-63L874,-9Z"
          fill="#68d169"
          stroke="#68d169"
          stroke-width="1.51"
    >
    </path>
    <path d="M1314,-173L1143,-185L1211,-117Z"
          fill="#6cdf69"
          stroke="#6cdf69"
          stroke-width="1.51"
    >
    </path>
    <path d="M1211,-117L1143,-185L1096,-57Z"
          fill="#6cd86b"
          stroke="#6cd86b"
          stroke-width="1.51"
    >
    </path>
    <path d="M1000,-102L921,-180L874,-9Z"
          fill="#6ed666"
          stroke="#6ed666"
          stroke-width="1.51"
    >
    </path>
    <path d="M698,265L817,311L837,213Z"
          fill="#77c57b"
          stroke="#77c57b"
          stroke-width="1.51"
    >
    </path>
    <path d="M837,213L817,311L949,277Z"
          fill="#7bc77a"
          stroke="#7bc77a"
          stroke-width="1.51"
    >
    </path>
    <path d="M1143,-185L921,-180L1000,-102Z"
          fill="#70e45f"
          stroke="#70e45f"
          stroke-width="1.51"
    >
    </path>
    <path d="M1193,359L1285,370L1180,237Z"
          fill="#6ebe81"
          stroke="#6ebe81"
          stroke-width="1.51"
    >
    </path>
    <path d="M923,371L1285,370L1193,359Z"
          fill="#64bd7d"
          stroke="#64bd7d"
          stroke-width="1.51"
    >
    </path>
    <path d="M1381,257L1400,125L1326,248Z"
          fill="#81c584"
          stroke="#81c584"
          stroke-width="1.51"
    >
    </path>
    <path d="M1326,248L1400,125L1334,114Z"
          fill="#85ca7b"
          stroke="#85ca7b"
          stroke-width="1.51"
    >
    </path>
    <path d="M1431,-78L1360,-170L1284,-69Z"
          fill="#68ce75"
          stroke="#68ce75"
          stroke-width="1.51"
    >
    </path>
    <path d="M1285,370L1349,302L1326,248Z"
          fill="#6fbd85"
          stroke="#6fbd85"
          stroke-width="1.51"
    >
    </path>
    <path d="M1349,302L1381,257L1326,248Z"
          fill="#77c088"
          stroke="#77c088"
          stroke-width="1.51"
    >
    </path>
    <path d="M803,103L682,165L837,213Z"
          fill="#82d06e"
          stroke="#82d06e"
          stroke-width="1.51"
    >
    </path>
    <path d="M814,-63L722,27L820,54Z"
          fill="#6fcb6c"
          stroke="#6fcb6c"
          stroke-width="1.51"
    >
    </path>
    <path d="M705,-88L722,27L814,-63Z"
          fill="#5fc471"
          stroke="#5fc471"
          stroke-width="1.51"
    >
    </path>
    <path d="M1284,-69L1314,-173L1211,-117Z"
          fill="#6ad470"
          stroke="#6ad470"
          stroke-width="1.51"
    >
    </path>
    <path d="M1360,-170L1314,-173L1284,-69Z"
          fill="#6ad870"
          stroke="#6ad870"
          stroke-width="1.51"
    >
    </path>
    <path d="M921,-180L795,-156L814,-63Z"
          fill="#68dd63"
          stroke="#68dd63"
          stroke-width="1.51"
    >
    </path>
    <path d="M722,27L682,165L803,103Z"
          fill="#83d564"
          stroke="#83d564"
          stroke-width="1.51"
    >
    </path>
    <path d="M682,165L698,265L837,213Z"
          fill="#7bc978"
          stroke="#7bc978"
          stroke-width="1.51"
    >
    </path>
    <path d="M817,311L715,344L923,371Z"
          fill="#65bf79"
          stroke="#65bf79"
          stroke-width="1.51"
    >
    </path>
    <path d="M1314,-173L1741,-170L1143,-185Z"
          fill="#69df6e"
          stroke="#69df6e"
          stroke-width="1.51"
    >
    </path>
    <path d="M1431,-78L1284,-69L1354,94Z"
          fill="#6cc37a"
          stroke="#6cc37a"
          stroke-width="1.51"
    >
    </path>
    <path d="M795,-156L705,-88L814,-63Z"
          fill="#62d369"
          stroke="#62d369"
          stroke-width="1.51"
    >
    </path>
    <path d="M722,27L644,81L682,165Z"
          fill="#7fd266"
          stroke="#7fd266"
          stroke-width="1.51"
    >
    </path>
    <path d="M1496,30L1354,94L1400,125Z"
          fill="#85cd75"
          stroke="#85cd75"
          stroke-width="1.51"
    >
    </path>
    <path d="M1496,30L1431,-78L1354,94Z"
          fill="#73c57b"
          stroke="#73c57b"
          stroke-width="1.51"
    >
    </path>
    <path d="M698,265L715,344L817,311Z"
          fill="#69c07b"
          stroke="#69c07b"
          stroke-width="1.51"
    >
    </path>
    <path d="M631,-41L644,81L722,27Z"
          fill="#6bc96d"
          stroke="#6bc96d"
          stroke-width="1.51"
    >
    </path>
    <path d="M682,165L643,185L698,265Z"
          fill="#78c878"
          stroke="#78c878"
          stroke-width="1.51"
    >
    </path>
    <path d="M698,265L631,298L715,344Z"
          fill="#65be7d"
          stroke="#65be7d"
          stroke-width="1.51"
    >
    </path>
    <path d="M644,81L643,185L682,165Z"
          fill="#7cce6e"
          stroke="#7cce6e"
          stroke-width="1.51"
    >
    </path>
    <path d="M1381,257L1514,161L1400,125Z"
          fill="#82c681"
          stroke="#82c681"
          stroke-width="1.51"
    >
    </path>
    <path d="M1349,302L1462,284L1381,257Z"
          fill="#74bd89"
          stroke="#74bd89"
          stroke-width="1.51"
    >
    </path>
    <path d="M1467,355L1462,284L1349,302Z"
          fill="#6ab98a"
          stroke="#6ab98a"
          stroke-width="1.51"
    >
    </path>
    <path d="M1514,161L1496,30L1400,125Z"
          fill="#87cd76"
          stroke="#87cd76"
          stroke-width="1.51"
    >
    </path>
    <path d="M1462,284L1514,161L1381,257Z"
          fill="#7cc08b"
          stroke="#7cc08b"
          stroke-width="1.51"
    >
    </path>
    <path d="M705,-88L631,-41L722,27Z"
          fill="#5cc371"
          stroke="#5cc371"
          stroke-width="1.51"
    >
    </path>
    <path d="M795,-156L707,-167L705,-88Z"
          fill="#60da65"
          stroke="#60da65"
          stroke-width="1.51"
    >
    </path>
    <path d="M921,-180L707,-167L795,-156Z"
          fill="#66e45e"
          stroke="#66e45e"
          stroke-width="1.51"
    >
    </path>
    <path d="M571,122L595,224L643,185Z"
          fill="#76c974"
          stroke="#76c974"
          stroke-width="1.51"
    >
    </path>
    <path d="M647,-171L631,-41L705,-88Z"
          fill="#5acf6c"
          stroke="#5acf6c"
          stroke-width="1.51"
    >
    </path>
    <path d="M1285,370L1467,355L1349,302Z"
          fill="#64b886"
          stroke="#64b886"
          stroke-width="1.51"
    >
    </path>
    <path d="M1562,208L1549,145L1514,161Z"
          fill="#80c484"
          stroke="#80c484"
          stroke-width="1.51"
    >
    </path>
    <path d="M595,224L631,298L698,265Z"
          fill="#6dc27e"
          stroke="#6dc27e"
          stroke-width="1.51"
    >
    </path>
    <path d="M595,224L698,265L643,185Z"
          fill="#74c57b"
          stroke="#74c57b"
          stroke-width="1.51"
    >
    </path>
    <path d="M571,122L643,185L644,81Z"
          fill="#7ace6c"
          stroke="#7ace6c"
          stroke-width="1.51"
    >
    </path>
    <path d="M1562,208L1514,161L1462,284Z"
          fill="#7cc08a"
          stroke="#7cc08a"
          stroke-width="1.51"
    >
    </path>
    <path d="M1514,161L1549,145L1496,30Z"
          fill="#86cb7a"
          stroke="#86cb7a"
          stroke-width="1.51"
    >
    </path>
    <path d="M1496,30L1525,-40L1431,-78Z"
          fill="#65bf81"
          stroke="#65bf81"
          stroke-width="1.51"
    >
    </path>
    <path d="M1431,-78L1494,-136L1360,-170Z"
          fill="#67d276"
          stroke="#67d276"
          stroke-width="1.51"
    >
    </path>
    <path d="M1550,-49L1525,-40L1620,23Z"
          fill="#64bd82"
          stroke="#64bd82"
          stroke-width="1.51"
    >
    </path>
    <path d="M520,66L571,122L644,81Z"
          fill="#77cf68"
          stroke="#77cf68"
          stroke-width="1.51"
    >
    </path>
    <path d="M1525,-40L1494,-136L1431,-78Z"
          fill="#63c67d"
          stroke="#63c67d"
          stroke-width="1.51"
    >
    </path>
    <path d="M1620,23L1525,-40L1496,30Z"
          fill="#6dc180"
          stroke="#6dc180"
          stroke-width="1.51"
    >
    </path>
    <path d="M1574,323L1562,208L1462,284Z"
          fill="#72bb8f"
          stroke="#72bb8f"
          stroke-width="1.51"
    >
    </path>
    <path d="M707,-167L647,-171L705,-88Z"
          fill="#5cda65"
          stroke="#5cda65"
          stroke-width="1.51"
    >
    </path>
    <path d="M631,-41L520,66L644,81Z"
          fill="#6ac96d"
          stroke="#6ac96d"
          stroke-width="1.51"
    >
    </path>
    <path d="M921,-180L647,-171L707,-167Z"
          fill="#62e45f"
          stroke="#62e45f"
          stroke-width="1.51"
    >
    </path>
    <path d="M1525,-40L1550,-49L1494,-136Z"
          fill="#62c380"
          stroke="#62c380"
          stroke-width="1.51"
    >
    </path>
    <path d="M1620,23L1496,30L1549,145Z"
          fill="#7dc87b"
          stroke="#7dc87b"
          stroke-width="1.51"
    >
    </path>
    <path d="M572,-151L553,-68L631,-41Z"
          fill="#53c96f"
          stroke="#53c96f"
          stroke-width="1.51"
    >
    </path>
    <path d="M553,-68L520,66L631,-41Z"
          fill="#59c272"
          stroke="#59c272"
          stroke-width="1.51"
    >
    </path>
    <path d="M571,122L532,262L595,224Z"
          fill="#70c57a"
          stroke="#70c57a"
          stroke-width="1.51"
    >
    </path>
    <path d="M1682,90L1620,23L1549,145Z"
          fill="#7ec979"
          stroke="#7ec979"
          stroke-width="1.51"
    >
    </path>
    <path d="M1467,355L1574,323L1462,284Z"
          fill="#66b78c"
          stroke="#66b78c"
          stroke-width="1.51"
    >
    </path>
    <path d="M449,207L532,262L571,122Z"
          fill="#6dc479"
          stroke="#6dc479"
          stroke-width="1.51"
    >
    </path>
    <path d="M595,224L532,262L631,298Z"
          fill="#69c07f"
          stroke="#69c07f"
          stroke-width="1.51"
    >
    </path>
    <path d="M631,298L506,377L715,344Z"
          fill="#56b97d"
          stroke="#56b97d"
          stroke-width="1.51"
    >
    </path>
    <path d="M647,-171L572,-151L631,-41Z"
          fill="#56d36a"
          stroke="#56d36a"
          stroke-width="1.51"
    >
    </path>
    <path d="M415,156L449,207L520,66Z"
          fill="#6fc972"
          stroke="#6fc972"
          stroke-width="1.51"
    >
    </path>
    <path d="M1550,-49L1591,-141L1494,-136Z"
          fill="#63cb7c"
          stroke="#63cb7c"
          stroke-width="1.51"
    >
    </path>
    <path d="M1657,230L1549,145L1562,208Z"
          fill="#7bc187"
          stroke="#7bc187"
          stroke-width="1.51"
    >
    </path>
    <path d="M1672,-42L1591,-141L1550,-49Z"
          fill="#5cc27f"
          stroke="#5cc27f"
          stroke-width="1.51"
    >
    </path>
    <path d="M1494,-136L1591,-141L1360,-170Z"
          fill="#67d675"
          stroke="#67d675"
          stroke-width="1.51"
    >
    </path>
    <path d="M1574,323L1657,230L1562,208Z"
          fill="#73bb8e"
          stroke="#73bb8e"
          stroke-width="1.51"
    >
    </path>
    <path d="M1620,23L1672,-42L1550,-49Z"
          fill="#60bc82"
          stroke="#60bc82"
          stroke-width="1.51"
    >
    </path>
    <path d="M532,262L506,377L631,298Z"
          fill="#59ba7f"
          stroke="#59ba7f"
          stroke-width="1.51"
    >
    </path>
    <path d="M715,344L506,377L923,371Z"
          fill="#57ba7b"
          stroke="#57ba7b"
          stroke-width="1.51"
    >
    </path>
    <path d="M923,371L506,377L1285,370Z"
          fill="#63bf77"
          stroke="#63bf77"
          stroke-width="1.51"
    >
    </path>
    <path d="M442,372L506,377L532,262Z"
          fill="#4cb680"
          stroke="#4cb680"
          stroke-width="1.51"
    >
    </path>
    <path d="M1574,323L1644,325L1657,230Z"
          fill="#67b78e"
          stroke="#67b78e"
          stroke-width="1.51"
    >
    </path>
    <path d="M1467,355L1644,325L1574,323Z"
          fill="#60b58d"
          stroke="#60b58d"
          stroke-width="1.51"
    >
    </path>
    <path d="M1714,112L1682,90L1657,230Z"
          fill="#7ac47f"
          stroke="#7ac47f"
          stroke-width="1.51"
    >
    </path>
    <path d="M1657,230L1682,90L1549,145Z"
          fill="#7cc481"
          stroke="#7cc481"
          stroke-width="1.51"
    >
    </path>
    <path d="M410,56L520,66L416,-57Z"
          fill="#5cc371"
          stroke="#5cc371"
          stroke-width="1.51"
    >
    </path>
    <path d="M520,66L449,207L571,122Z"
          fill="#74cb6f"
          stroke="#74cb6f"
          stroke-width="1.51"
    >
    </path>
    <path d="M1682,90L1672,-42L1620,23Z"
          fill="#6bc07e"
          stroke="#6bc07e"
          stroke-width="1.51"
    >
    </path>
    <path d="M1672,-42L1648,-135L1591,-141Z"
          fill="#5cc87c"
          stroke="#5cc87c"
          stroke-width="1.51"
    >
    </path>
    <path d="M1591,-141L1741,-170L1360,-170Z"
          fill="#63d776"
          stroke="#63d776"
          stroke-width="1.51"
    >
    </path>
    <path d="M572,-151L465,-123L553,-68Z"
          fill="#4fce6d"
          stroke="#4fce6d"
          stroke-width="1.51"
    >
    </path>
    <path d="M309,-112L465,-123L234,-150Z"
          fill="#41d06d"
          stroke="#41d06d"
          stroke-width="1.51"
    >
    </path>
    <path d="M1672,-42L1741,-170L1648,-135Z"
          fill="#58c87b"
          stroke="#58c87b"
          stroke-width="1.51"
    >
    </path>
    <path d="M1682,90L1796,54L1672,-42Z"
          fill="#6ac07d"
          stroke="#6ac07d"
          stroke-width="1.51"
    >
    </path>
    <path d="M1779,273L1714,112L1657,230Z"
          fill="#72bd88"
          stroke="#72bd88"
          stroke-width="1.51"
    >
    </path>
    <path d="M449,207L442,372L532,262Z"
          fill="#5cba81"
          stroke="#5cba81"
          stroke-width="1.51"
    >
    </path>
    <path d="M410,56L415,156L520,66Z"
          fill="#70cb6c"
          stroke="#70cb6c"
          stroke-width="1.51"
    >
    </path>
    <path d="M416,-57L520,66L553,-68Z"
          fill="#52bf74"
          stroke="#52bf74"
          stroke-width="1.51"
    >
    </path>
    <path d="M465,-123L416,-57L553,-68Z"
          fill="#49c572"
          stroke="#49c572"
          stroke-width="1.51"
    >
    </path>
    <path d="M343,327L442,372L449,207Z"
          fill="#50b782"
          stroke="#50b782"
          stroke-width="1.51"
    >
    </path>
    <path d="M349,-13L372,91L410,56Z"
          fill="#5dc471"
          stroke="#5dc471"
          stroke-width="1.51"
    >
    </path>
    <path d="M410,56L372,91L415,156Z"
          fill="#6ecb6c"
          stroke="#6ecb6c"
          stroke-width="1.51"
    >
    </path>
    <path d="M415,156L354,178L449,207Z"
          fill="#68c379"
          stroke="#68c379"
          stroke-width="1.51"
    >
    </path>
    <path d="M372,91L354,178L415,156Z"
          fill="#69c673"
          stroke="#69c673"
          stroke-width="1.51"
    >
    </path>
    <path d="M272,153L296,232L354,178Z"
          fill="#67c678"
          stroke="#67c678"
          stroke-width="1.51"
    >
    </path>
    <path d="M416,-57L349,-13L410,56Z"
          fill="#4ebd75"
          stroke="#4ebd75"
          stroke-width="1.51"
    >
    </path>
    <path d="M309,-112L349,-13L416,-57Z"
          fill="#3fbe76"
          stroke="#3fbe76"
          stroke-width="1.51"
    >
    </path>
    <path d="M1772,310L1779,273L1657,230Z"
          fill="#65b68e"
          stroke="#65b68e"
          stroke-width="1.51"
    >
    </path>
    <path d="M1714,112L1796,54L1682,90Z"
          fill="#77c679"
          stroke="#77c679"
          stroke-width="1.51"
    >
    </path>
    <path d="M1644,325L1772,310L1657,230Z"
          fill="#64b58d"
          stroke="#64b58d"
          stroke-width="1.51"
    >
    </path>
    <path d="M1891,328L1772,310L1644,325Z"
          fill="#54b18c"
          stroke="#54b18c"
          stroke-width="1.51"
    >
    </path>
    <path d="M1814,139L1796,54L1714,112Z"
          fill="#78c777"
          stroke="#78c777"
          stroke-width="1.51"
    >
    </path>
    <path d="M1815,-10L1741,-170L1672,-42Z"
          fill="#52be7f"
          stroke="#52be7f"
          stroke-width="1.51"
    >
    </path>
    <path d="M1648,-135L1741,-170L1591,-141Z"
          fill="#5cd177"
          stroke="#5cd177"
          stroke-width="1.51"
    >
    </path>
    <path d="M1360,-170L1741,-170L1314,-173Z"
          fill="#67dc72"
          stroke="#67dc72"
          stroke-width="1.51"
    >
    </path>
    <path d="M1779,273L1814,139L1714,112Z"
          fill="#72bf83"
          stroke="#72bf83"
          stroke-width="1.51"
    >
    </path>
    <path d="M1857,253L1814,139L1779,273Z"
          fill="#69b98a"
          stroke="#69b98a"
          stroke-width="1.51"
    >
    </path>
    <path d="M354,178L343,327L449,207Z"
          fill="#60bc82"
          stroke="#60bc82"
          stroke-width="1.51"
    >
    </path>
    <path d="M296,232L343,327L354,178Z"
          fill="#5fbe82"
          stroke="#5fbe82"
          stroke-width="1.51"
    >
    </path>
    <path d="M1796,54L1815,-10L1672,-42Z"
          fill="#5dbb7f"
          stroke="#5dbb7f"
          stroke-width="1.51"
    >
    </path>
    <path d="M1869,44L1815,-10L1796,54Z"
          fill="#61bd7d"
          stroke="#61bd7d"
          stroke-width="1.51"
    >
    </path>
    <path d="M272,153L354,178L372,91Z"
          fill="#6ac971"
          stroke="#6ac971"
          stroke-width="1.51"
    >
    </path>
    <path d="M267,91L272,153L372,91Z"
          fill="#6dce6c"
          stroke="#6dce6c"
          stroke-width="1.51"
    >
    </path>
    <path d="M465,-123L309,-112L416,-57Z"
          fill="#42c672"
          stroke="#42c672"
          stroke-width="1.51"
    >
    </path>
    <path d="M234,-150L465,-123L572,-151Z"
          fill="#45d16c"
          stroke="#45d16c"
          stroke-width="1.51"
    >
    </path>
    <path d="M267,91L372,91L349,-13Z"
          fill="#61c86e"
          stroke="#61c86e"
          stroke-width="1.51"
    >
    </path>
    <path d="M276,-70L267,91L349,-13Z"
          fill="#51c472"
          stroke="#51c472"
          stroke-width="1.51"
    >
    </path>
    <path d="M1814,139L1869,44L1796,54Z"
          fill="#70c379"
          stroke="#70c379"
          stroke-width="1.51"
    >
    </path>
    <path d="M1772,310L1857,253L1779,273Z"
          fill="#5eb48d"
          stroke="#5eb48d"
          stroke-width="1.51"
    >
    </path>
    <path d="M1815,-10L1882,-118L1741,-170Z"
          fill="#4dc27c"
          stroke="#4dc27c"
          stroke-width="1.51"
    >
    </path>
    <path d="M1894,184L1869,44L1814,139Z"
          fill="#71c27a"
          stroke="#71c27a"
          stroke-width="1.51"
    >
    </path>
    <path d="M309,-112L276,-70L349,-13Z"
          fill="#40c274"
          stroke="#40c274"
          stroke-width="1.51"
    >
    </path>
    <path d="M1857,253L1894,184L1814,139Z"
          fill="#6abb85"
          stroke="#6abb85"
          stroke-width="1.51"
    >
    </path>
    <path d="M1869,44L1894,-5L1815,-10Z"
          fill="#59ba7e"
          stroke="#59ba7e"
          stroke-width="1.51"
    >
    </path>
    <path d="M1939,15L1894,-5L1869,44Z"
          fill="#58ba7d"
          stroke="#58ba7d"
          stroke-width="1.51"
    >
    </path>
    <path d="M1894,-5L1882,-118L1815,-10Z"
          fill="#45b482"
          stroke="#45b482"
          stroke-width="1.51"
    >
    </path>
    <path d="M1963,351L1644,325L1467,355Z"
          fill="#53b18c"
          stroke="#53b18c"
          stroke-width="1.51"
    >
    </path>
    <path d="M1963,351L1891,328L1644,325Z"
          fill="#4bae8b"
          stroke="#4bae8b"
          stroke-width="1.51"
    >
    </path>
    <path d="M1772,310L1891,328L1857,253Z"
          fill="#56b18c"
          stroke="#56b18c"
          stroke-width="1.51"
    >
    </path>
    <path d="M1970,216L1928,170L1894,184Z"
          fill="#66b984"
          stroke="#66b984"
          stroke-width="1.51"
    >
    </path>
    <path d="M1970,216L1894,184L1857,253Z"
          fill="#63b789"
          stroke="#63b789"
          stroke-width="1.51"
    >
    </path>
    <path d="M1894,184L1928,170L1869,44Z"
          fill="#6ec17c"
          stroke="#6ec17c"
          stroke-width="1.51"
    >
    </path>
    <path d="M1996,-67L1933,-137L1882,-118Z"
          fill="#43c17b"
          stroke="#43c17b"
          stroke-width="1.51"
    >
    </path>
    <path d="M272,153L206,232L296,232Z"
          fill="#65c77a"
          stroke="#65c77a"
          stroke-width="1.51"
    >
    </path>
    <path d="M296,232L209,310L343,327Z"
          fill="#53bd80"
          stroke="#53bd80"
          stroke-width="1.51"
    >
    </path>
    <path d="M147,142L206,232L272,153Z"
          fill="#69cd74"
          stroke="#69cd74"
          stroke-width="1.51"
    >
    </path>
    <path d="M147,142L272,153L267,91Z"
          fill="#6dd16c"
          stroke="#6dd16c"
          stroke-width="1.51"
    >
    </path>
    <path d="M124,57L147,142L267,91Z"
          fill="#6ed666"
          stroke="#6ed666"
          stroke-width="1.51"
    >
    </path>
    <path d="M309,-112L234,-150L276,-70Z"
          fill="#41cf6d"
          stroke="#41cf6d"
          stroke-width="1.51"
    >
    </path>
    <path d="M647,-171L234,-150L572,-151Z"
          fill="#4bd768"
          stroke="#4bd768"
          stroke-width="1.51"
    >
    </path>
    <path d="M206,232L209,310L296,232Z"
          fill="#5ec27f"
          stroke="#5ec27f"
          stroke-width="1.51"
    >
    </path>
    <path d="M343,327L115,339L442,372Z"
          fill="#3fb77f"
          stroke="#3fb77f"
          stroke-width="1.51"
    >
    </path>
    <path d="M1928,170L1939,15L1869,44Z"
          fill="#69c178"
          stroke="#69c178"
          stroke-width="1.51"
    >
    </path>
    <path d="M1996,-67L1882,-118L1894,-5Z"
          fill="#41b77f"
          stroke="#41b77f"
          stroke-width="1.51"
    >
    </path>
    <path d="M1882,-118L1933,-137L1741,-170Z"
          fill="#4ccb77"
          stroke="#4ccb77"
          stroke-width="1.51"
    >
    </path>
    <path d="M2055,68L2038,-34L1939,15Z"
          fill="#50b87c"
          stroke="#50b87c"
          stroke-width="1.51"
    >
    </path>
    <path d="M1939,15L1996,-67L1894,-5Z"
          fill="#48b57f"
          stroke="#48b57f"
          stroke-width="1.51"
    >
    </path>
    <path d="M1891,328L1970,216L1857,253Z"
          fill="#5ab38d"
          stroke="#5ab38d"
          stroke-width="1.51"
    >
    </path>
    <path d="M206,232L103,236L209,310Z"
          fill="#5ec67e"
          stroke="#5ec67e"
          stroke-width="1.51"
    >
    </path>
    <path d="M124,57L267,91L276,-70Z"
          fill="#59cb6e"
          stroke="#59cb6e"
          stroke-width="1.51"
    >
    </path>
    <path d="M1891,328L1963,351L1970,216Z"
          fill="#4eaf8b"
          stroke="#4eaf8b"
          stroke-width="1.51"
    >
    </path>
    <path d="M1285,370L1963,351L1467,355Z"
          fill="#58b28c"
          stroke="#58b28c"
          stroke-width="1.51"
    >
    </path>
    <path d="M234,-150L145,-77L276,-70Z"
          fill="#41d06d"
          stroke="#41d06d"
          stroke-width="1.51"
    >
    </path>
    <path d="M145,-77L124,57L276,-70Z"
          fill="#46c671"
          stroke="#46c671"
          stroke-width="1.51"
    >
    </path>
    <path d="M2021,-101L1996,-67L2038,-34Z"
          fill="#38b57e"
          stroke="#38b57e"
          stroke-width="1.51"
    >
    </path>
    <path d="M2038,-34L1996,-67L1939,15Z"
          fill="#40b280"
          stroke="#40b280"
          stroke-width="1.51"
    >
    </path>
    <path d="M147,142L103,236L206,232Z"
          fill="#67ce76"
          stroke="#67ce76"
          stroke-width="1.51"
    >
    </path>
    <path d="M60,234L103,236L147,142Z"
          fill="#68d076"
          stroke="#68d076"
          stroke-width="1.51"
    >
    </path>
    <path d="M103,236L115,339L209,310Z"
          fill="#54c57c"
          stroke="#54c57c"
          stroke-width="1.51"
    >
    </path>
    <path d="M209,310L115,339L343,327Z"
          fill="#48bd7e"
          stroke="#48bd7e"
          stroke-width="1.51"
    >
    </path>
    <path d="M1996,-67L2021,-101L1933,-137Z"
          fill="#3ebf7b"
          stroke="#3ebf7b"
          stroke-width="1.51"
    >
    </path>
    <path d="M1939,15L1928,170L2055,68Z"
          fill="#68c077"
          stroke="#68c077"
          stroke-width="1.51"
    >
    </path>
    <path d="M2055,68L1928,170L2093,135Z"
          fill="#66bf7a"
          stroke="#66bf7a"
          stroke-width="1.51"
    >
    </path>
    <path d="M2093,135L1928,170L1970,216Z"
          fill="#63ba82"
          stroke="#63ba82"
          stroke-width="1.51"
    >
    </path>
    <path d="M124,57L57,104L147,142Z"
          fill="#70db63"
          stroke="#70db63"
          stroke-width="1.51"
    >
    </path>
    <path d="M21,13L57,104L124,57Z"
          fill="#64d966"
          stroke="#64d966"
          stroke-width="1.51"
    >
    </path>
    <path d="M234,-150L112,-181L145,-77Z"
          fill="#40dc66"
          stroke="#40dc66"
          stroke-width="1.51"
    >
    </path>
    <path d="M647,-171L112,-181L234,-150Z"
          fill="#41da67"
          stroke="#41da67"
          stroke-width="1.51"
    >
    </path>
    <path d="M921,-180L112,-181L647,-171Z"
          fill="#52df64"
          stroke="#52df64"
          stroke-width="1.51"
    >
    </path>
    <path d="M1143,-185L112,-181L921,-180Z"
          fill="#5fe55f"
          stroke="#5fe55f"
          stroke-width="1.51"
    >
    </path>
    <path d="M21,13L124,57L145,-77Z"
          fill="#51cf6c"
          stroke="#51cf6c"
          stroke-width="1.51"
    >
    </path>
    <path d="M103,236L60,234L115,339Z"
          fill="#5cca7b"
          stroke="#5cca7b"
          stroke-width="1.51"
    >
    </path>
    <path d="M57,104L60,234L147,142Z"
          fill="#6bd66d"
          stroke="#6bd66d"
          stroke-width="1.51"
    >
    </path>
    <path d="M2104,241L2093,135L1970,216Z"
          fill="#5cb685"
          stroke="#5cb685"
          stroke-width="1.51"
    >
    </path>
    <path d="M2055,68L2093,135L2038,-34Z"
          fill="#59bb79"
          stroke="#59bb79"
          stroke-width="1.51"
    >
    </path>
    <path d="M2038,-34L2093,135L2021,-101Z"
          fill="#46b57e"
          stroke="#46b57e"
          stroke-width="1.51"
    >
    </path>
    <path d="M1963,351L2067,355L1970,216Z"
          fill="#46ad8b"
          stroke="#46ad8b"
          stroke-width="1.51"
    >
    </path>
    <path d="M1285,370L2067,355L1963,351Z"
          fill="#47ad8b"
          stroke="#47ad8b"
          stroke-width="1.51"
    >
    </path>
    <path d="M2067,355L2104,241L1970,216Z"
          fill="#4eaf8c"
          stroke="#4eaf8c"
          stroke-width="1.51"
    >
    </path>
    <path d="M57,104L-37,125L60,234Z"
          fill="#6cda6a"
          stroke="#6cda6a"
          stroke-width="1.51"
    >
    </path>
    <path d="M19,-57L21,13L145,-77Z"
          fill="#42cd6e"
          stroke="#42cd6e"
          stroke-width="1.51"
    >
    </path>
    <path d="M24,-119L19,-57L145,-77Z"
          fill="#41d66a"
          stroke="#41d66a"
          stroke-width="1.51"
    >
    </path>
    <path d="M60,234L24,341L115,339Z"
          fill="#51c87a"
          stroke="#51c87a"
          stroke-width="1.51"
    >
    </path>
    <path d="M115,339L-107,366L442,372Z"
          fill="#3cbe7b"
          stroke="#3cbe7b"
          stroke-width="1.51"
    >
    </path>
    <path d="M442,372L-107,366L506,377Z"
          fill="#35b57e"
          stroke="#35b57e"
          stroke-width="1.51"
    >
    </path>
    <path d="M-58,318L24,341L60,234Z"
          fill="#54cc78"
          stroke="#54cc78"
          stroke-width="1.51"
    >
    </path>
    <path d="M-37,125L57,104L-56,63Z"
          fill="#70e25e"
          stroke="#70e25e"
          stroke-width="1.51"
    >
    </path>
    <path d="M112,-181L24,-119L145,-77Z"
          fill="#41de65"
          stroke="#41de65"
          stroke-width="1.51"
    >
    </path>
    <path d="M-20,-77L21,13L19,-57Z"
          fill="#42d06d"
          stroke="#42d06d"
          stroke-width="1.51"
    >
    </path>
    <path d="M-56,63L57,104L21,13Z"
          fill="#65dc63"
          stroke="#65dc63"
          stroke-width="1.51"
    >
    </path>
    <path d="M24,-119L-20,-77L19,-57Z"
          fill="#41d968"
          stroke="#41d968"
          stroke-width="1.51"
    >
    </path>
    <path d="M-20,-77L-56,63L21,13Z"
          fill="#52d668"
          stroke="#52d668"
          stroke-width="1.51"
    >
    </path>
    <path d="M-81,233L-58,318L60,234Z"
          fill="#60d278"
          stroke="#60d278"
          stroke-width="1.51"
    >
    </path>
    <path d="M-81,233L60,234L-37,125Z"
          fill="#69d970"
          stroke="#69d970"
          stroke-width="1.51"
    >
    </path>
    <path d="M-124,141L-81,233L-37,125Z"
          fill="#6ce068"
          stroke="#6ce068"
          stroke-width="1.51"
    >
    </path>
    <path d="M-56,63L-124,141L-37,125Z"
          fill="#70e55e"
          stroke="#70e55e"
          stroke-width="1.51"
    >
    </path>
    <path d="M-126,-58L-134,31L-56,63Z"
          fill="#56dd64"
          stroke="#56dd64"
          stroke-width="1.51"
    >
    </path>
    <path d="M24,-119L-68,-153L-20,-77Z"
          fill="#40e362"
          stroke="#40e362"
          stroke-width="1.51"
    >
    </path>
    <path d="M112,-181L-68,-153L24,-119Z"
          fill="#3fe85e"
          stroke="#3fe85e"
          stroke-width="1.51"
    >
    </path>
    <path d="M-81,233L-107,366L-58,318Z"
          fill="#53d175"
          stroke="#53d175"
          stroke-width="1.51"
    >
    </path>
    <path d="M-134,31L-124,141L-56,63Z"
          fill="#6be65d"
          stroke="#6be65d"
          stroke-width="1.51"
    >
    </path>
    <path d="M-158,217L-107,366L-81,233Z"
          fill="#5ed675"
          stroke="#5ed675"
          stroke-width="1.51"
    >
    </path>
    <path d="M-58,318L-107,366L24,341Z"
          fill="#45cc76"
          stroke="#45cc76"
          stroke-width="1.51"
    >
    </path>
    <path d="M24,341L-107,366L115,339Z"
          fill="#42c877"
          stroke="#42c877"
          stroke-width="1.51"
    >
    </path>
    <path d="M-126,-58L-56,63L-20,-77Z"
          fill="#49d769"
          stroke="#49d769"
          stroke-width="1.51"
    >
    </path>
    <path d="M-124,141L-158,217L-81,233Z"
          fill="#6adf6c"
          stroke="#6adf6c"
          stroke-width="1.51"
    >
    </path>
    <path d="M-68,-153L-126,-58L-20,-77Z"
          fill="#40e163"
          stroke="#40e163"
          stroke-width="1.51"
    >
    </path>
    <path d="M-147,-112L-158,217L-134,31Z"
          fill="#61e45f"
          stroke="#61e45f"
          stroke-width="1.51"
    >
    </path>
    <path d="M-134,31L-158,217L-124,141Z"
          fill="#6fe75f"
          stroke="#6fe75f"
          stroke-width="1.51"
    >
    </path>
    <path d="M-126,-58L-147,-112L-134,31Z"
          fill="#41d968"
          stroke="#41d968"
          stroke-width="1.51"
    >
    </path>
    <path d="M-68,-153L-147,-112L-126,-58Z"
          fill="#40e660"
          stroke="#40e660"
          stroke-width="1.51"
    >
    </path>
  </svg>
</header>

`;
